*****************************************************************
      SolidWorks 公司 - IGES 处理器状态报告
*****************************************************************
=================================================================
总信息
=================================================================
发送系统产品 I.D.  : 5-MJR04D01-10
接收系统产品 I.D.  : 5-MJR04D01-10
文件名称                    : C:\Users\hc\Desktop\5-MJR04D01-10.IGS
发送系统              : SolidWorks 2017
预处理器版本         : SolidWorks 2017
文件生成日期          : 180607.120427
模型生成日期         : 180607.120427
单位                        : MM
模型空间比例            : 1
作者                       : hc
组织                 : 


=================================================================
实体处理信息
=================================================================


=================================================================
IGES 文件的精度分析：
=================================================================
  有效位数的最普遍的数:              13
  有效位数的最大数:                     13
  有效位数的平均数:                12.7653
  与原点的最大距离:                          4360.31
  与原点的最小距离:                          1196.57
  有效位数的有效数:              12.7554


=================================================================
实体概要
=================================================================
-----------------------------------------------------------------
类型名称                                         记数转换
---- ----                                         ----- ---------
100  Arc                                            194       194
102  Composite curve                                896       896
110  Line                                          1746      1746
120  Surface of revolution                          329       329
124  Transformation matrix                          126       126
126  Rational B-spline curve                       3578      3578
128  Rational B-spline surface                      102       102
142  Curve on a parametric surface                  448       448
144  Trimmed parametric surface                     431       431
314  Color definition                                 1         1
_________________________________________________________________


=================================================================
结果概要
=================================================================
SolidWorks 特征类型                记数
-----------------------                -----
实体特征                       1
曲面特征                     0
曲线/草图特征                0
--------------------------------------------
开始时间: 星期一, 四月 22, 2019 18:52:43
结束时间: 星期一, 四月 22, 2019 18:53:05
处理时间: 0 days, 00 hours, 00 mins, 22 secs
